// Jest Snapshot v1, https://goo.gl/fbAQLP

exports[`should generate a login key 1`] = `"0000000000000000000000000000000000000000000000000000000000000000000000000000000000000000000000000000"`;
